Minimum UDP events seen

ip:::send - yes
ip:::receive - yes

