Minimum TCP events seen

ip:::send - yes
ip:::receive - yes

